    at <unknown> (https://nextjs.org/docs/messages/module-not-found)
